[INFO] Scanning for projects...
[INFO] 
[INFO] --------------------< ro.watchmanager:coffeewatch >---------------------
[INFO] Building coffeewatch 0.0.1-SNAPSHOT
[INFO]   from pom.xml
[INFO] --------------------------------[ jar ]---------------------------------
[INFO] 
[INFO] >>> spring-boot:3.2.5:run (default-cli) > test-compile @ coffeewatch >>>
[INFO] 
[INFO] --- resources:3.3.1:resources (default-resources) @ coffeewatch ---
[INFO] Copying 1 resource from src/main/resources to target/classes
[INFO] Copying 1 resource from src/main/resources to target/classes
[INFO] 
[INFO] --- compiler:3.11.0:compile (default-compile) @ coffeewatch ---
[INFO] Nothing to compile - all classes are up to date
[INFO] 
[INFO] --- resources:3.3.1:testResources (default-testResources) @ coffeewatch ---
[INFO] skip non existing resourceDirectory /home/rth/workspace/CoffeeWatch/backend/src/test/resources
[INFO] 
[INFO] --- compiler:3.11.0:testCompile (default-testCompile) @ coffeewatch ---
[INFO] No sources to compile
[INFO] 
[INFO] <<< spring-boot:3.2.5:run (default-cli) < test-compile @ coffeewatch <<<
[INFO] 
[INFO] 
[INFO] --- spring-boot:3.2.5:run (default-cli) @ coffeewatch ---
[INFO] Attaching agents: []

  .   ____          _            __ _ _
 /\\ / ___'_ __ _ _(_)_ __  __ _ \ \ \ \
( ( )\___ | '_ | '_| | '_ \/ _` | \ \ \ \
 \\/  ___)| |_)| | | | | || (_| |  ) ) ) )
  '  |____| .__|_| |_|_| |_\__, | / / / /
 =========|_|==============|___/=/_/_/_/
 :: Spring Boot ::                (v3.2.5)

2026-05-29T23:38:24.882+03:00  INFO 9975 --- [coffeewatch] [           main] ro.watchmanager.CoffeeWatchApplication   : Starting CoffeeWatchApplication using Java 25.0.2 with PID 9975 (/home/rth/workspace/CoffeeWatch/backend/target/classes started by rth in /home/rth/workspace/CoffeeWatch/backend)
2026-05-29T23:38:24.894+03:00  INFO 9975 --- [coffeewatch] [           main] ro.watchmanager.CoffeeWatchApplication   : No active profile set, falling back to 1 default profile: "default"
2026-05-29T23:38:26.519+03:00  INFO 9975 --- [coffeewatch] [           main] .s.d.r.c.RepositoryConfigurationDelegate : Bootstrapping Spring Data JPA repositories in DEFAULT mode.
2026-05-29T23:38:26.560+03:00  INFO 9975 --- [coffeewatch] [           main] .s.d.r.c.RepositoryConfigurationDelegate : Finished Spring Data repository scanning in 22 ms. Found 0 JPA repository interfaces.
WARNING: A restricted method in java.lang.System has been called
WARNING: java.lang.System::load has been called by org.apache.tomcat.jni.Library in an unnamed module (file:/home/rth/.m2/repository/org/apache/tomcat/embed/tomcat-embed-core/10.1.20/tomcat-embed-core-10.1.20.jar)
WARNING: Use --enable-native-access=ALL-UNNAMED to avoid a warning for callers in this module
WARNING: Restricted methods will be blocked in a future release unless native access is enabled

2026-05-29T23:38:27.432+03:00  INFO 9975 --- [coffeewatch] [           main] o.s.b.w.embedded.tomcat.TomcatWebServer  : Tomcat initialized with port 8080 (http)
2026-05-29T23:38:27.448+03:00  INFO 9975 --- [coffeewatch] [           main] o.apache.catalina.core.StandardService   : Starting service [Tomcat]
2026-05-29T23:38:27.449+03:00  INFO 9975 --- [coffeewatch] [           main] o.apache.catalina.core.StandardEngine    : Starting Servlet engine: [Apache Tomcat/10.1.20]
2026-05-29T23:38:27.522+03:00  INFO 9975 --- [coffeewatch] [           main] o.a.c.c.C.[Tomcat].[localhost].[/]       : Initializing Spring embedded WebApplicationContext
2026-05-29T23:38:27.524+03:00  INFO 9975 --- [coffeewatch] [           main] w.s.c.ServletWebServerApplicationContext : Root WebApplicationContext: initialization completed in 2454 ms
2026-05-29T23:38:27.641+03:00  INFO 9975 --- [coffeewatch] [           main] com.zaxxer.hikari.HikariDataSource       : HikariPool-1 - Starting...
2026-05-29T23:38:27.868+03:00  INFO 9975 --- [coffeewatch] [           main] com.zaxxer.hikari.pool.HikariPool        : HikariPool-1 - Added connection conn0: url=jdbc:h2:mem:testdb user=SA
2026-05-29T23:38:27.869+03:00  INFO 9975 --- [coffeewatch] [           main] com.zaxxer.hikari.HikariDataSource       : HikariPool-1 - Start completed.
2026-05-29T23:38:28.074+03:00  INFO 9975 --- [coffeewatch] [           main] o.hibernate.jpa.internal.util.LogHelper  : HHH000204: Processing PersistenceUnitInfo [name: default]
2026-05-29T23:38:28.154+03:00  INFO 9975 --- [coffeewatch] [           main] org.hibernate.Version                    : HHH000412: Hibernate ORM core version 6.4.4.Final
2026-05-29T23:38:28.198+03:00  INFO 9975 --- [coffeewatch] [           main] o.h.c.internal.RegionFactoryInitiator    : HHH000026: Second-level cache disabled
2026-05-29T23:38:28.491+03:00  INFO 9975 --- [coffeewatch] [           main] o.s.o.j.p.SpringPersistenceUnitInfo      : No LoadTimeWeaver setup: ignoring JPA class transformer
2026-05-29T23:38:28.565+03:00  WARN 9975 --- [coffeewatch] [           main] org.hibernate.orm.deprecation            : HHH90000025: H2Dialect does not need to be specified explicitly using 'hibernate.dialect' (remove the property setting and it will be selected by default)
2026-05-29T23:38:28.911+03:00  INFO 9975 --- [coffeewatch] [           main] o.h.e.t.j.p.i.JtaPlatformInitiator       : HHH000489: No JTA platform available (set 'hibernate.transaction.jta.platform' to enable JTA platform integration)
2026-05-29T23:38:28.916+03:00  INFO 9975 --- [coffeewatch] [           main] j.LocalContainerEntityManagerFactoryBean : Initialized JPA EntityManagerFactory for persistence unit 'default'
2026-05-29T23:38:29.483+03:00  WARN 9975 --- [coffeewatch] [           main] JpaBaseConfiguration$JpaWebConfiguration : spring.jpa.open-in-view is enabled by default. Therefore, database queries may be performed during view rendering. Explicitly configure spring.jpa.open-in-view to disable this warning
2026-05-29T23:38:29.857+03:00  INFO 9975 --- [coffeewatch] [           main] o.s.b.w.embedded.tomcat.TomcatWebServer  : Tomcat started on port 8080 (http) with context path ''
2026-05-29T23:38:29.867+03:00  INFO 9975 --- [coffeewatch] [           main] ro.watchmanager.CoffeeWatchApplication   : Started CoffeeWatchApplication in 6.436 seconds (process running for 7.383)
2026-05-29T23:39:42.234+03:00  INFO 9975 --- [coffeewatch] [nio-8080-exec-1] o.a.c.c.C.[Tomcat].[localhost].[/]       : Initializing Spring DispatcherServlet 'dispatcherServlet'
2026-05-29T23:39:42.235+03:00  INFO 9975 --- [coffeewatch] [nio-8080-exec-1] o.s.web.servlet.DispatcherServlet        : Initializing Servlet 'dispatcherServlet'
2026-05-29T23:39:42.237+03:00  INFO 9975 --- [coffeewatch] [nio-8080-exec-1] o.s.web.servlet.DispatcherServlet        : Completed initialization in 2 ms
